============================= test session starts =============================
platform win32 -- Python 3.13.1, pytest-9.0.2, pluggy-1.6.0 -- C:\Users\migue\OneDrive\Ambiente de Trabalho\Vertex\backend\.venv\Scripts\python.exe
cachedir: .pytest_cache
rootdir: C:\Users\migue\OneDrive\Ambiente de Trabalho\Vertex\backend
configfile: pytest.ini
plugins: anyio-4.12.1, asyncio-1.3.0
asyncio: mode=Mode.AUTO, debug=False, asyncio_default_fixture_loop_scope=None, asyncio_default_test_loop_scope=function
collecting ... collected 1 item

tests/test_alerts.py::test_alerts_prioritize_contracts_and_compliance FAILED [100%]

================================== FAILURES ===================================
_______________ test_alerts_prioritize_contracts_and_compliance _______________

self = <sqlalchemy.engine.base.Connection object at 0x00000210D1E37ED0>
dialect = <sqlalchemy.dialects.sqlite.aiosqlite.SQLiteDialect_aiosqlite object at 0x00000210D0D06CF0>
context = <sqlalchemy.dialects.sqlite.aiosqlite.SQLiteExecutionContext_aiosqlite object at 0x00000210D1E2BE10>
statement = <sqlalchemy.dialects.sqlite.base.SQLiteCompiler object at 0x00000210D1E5F770>
parameters = [('Test', 'User', 'test@example.com', None, 'ABC123', 1, ...)]

    def _exec_single_context(
        self,
        dialect: Dialect,
        context: ExecutionContext,
        statement: Union[str, Compiled],
        parameters: Optional[_AnyMultiExecuteParams],
    ) -> CursorResult[Any]:
        """continue the _execute_context() method for a single DBAPI
        cursor.execute() or cursor.executemany() call.
    
        """
        if dialect.bind_typing is BindTyping.SETINPUTSIZES:
            generic_setinputsizes = context._prepare_set_input_sizes()
    
            if generic_setinputsizes:
                try:
                    dialect.do_set_input_sizes(
                        context.cursor, generic_setinputsizes, context
                    )
                except BaseException as e:
                    self._handle_dbapi_exception(
                        e, str(statement), parameters, None, context
                    )
    
        cursor, str_statement, parameters = (
            context.cursor,
            context.statement,
            context.parameters,
        )
    
        effective_parameters: Optional[_AnyExecuteParams]
    
        if not context.executemany:
            effective_parameters = parameters[0]
        else:
            effective_parameters = parameters
    
        if self._has_events or self.engine._has_events:
            for fn in self.dispatch.before_cursor_execute:
                str_statement, effective_parameters = fn(
                    self,
                    cursor,
                    str_statement,
                    effective_parameters,
                    context,
                    context.executemany,
                )
    
        if self._echo:
            self._log_info(str_statement)
    
            stats = context._get_cache_stats()
    
            if not self.engine.hide_parameters:
                self._log_info(
                    "[%s] %r",
                    stats,
                    sql_util._repr_params(
                        effective_parameters,
                        batches=10,
                        ismulti=context.executemany,
                    ),
                )
            else:
                self._log_info(
                    "[%s] [SQL parameters hidden due to hide_parameters=True]",
                    stats,
                )
    
        evt_handled: bool = False
        try:
            if context.execute_style is ExecuteStyle.EXECUTEMANY:
                effective_parameters = cast(
                    "_CoreMultiExecuteParams", effective_parameters
                )
                if self.dialect._has_events:
                    for fn in self.dialect.dispatch.do_executemany:
                        if fn(
                            cursor,
                            str_statement,
                            effective_parameters,
                            context,
                        ):
                            evt_handled = True
                            break
                if not evt_handled:
                    self.dialect.do_executemany(
                        cursor,
                        str_statement,
                        effective_parameters,
                        context,
                    )
            elif not effective_parameters and context.no_parameters:
                if self.dialect._has_events:
                    for fn in self.dialect.dispatch.do_execute_no_params:
                        if fn(cursor, str_statement, context):
                            evt_handled = True
                            break
                if not evt_handled:
                    self.dialect.do_execute_no_params(
                        cursor, str_statement, context
                    )
            else:
                effective_parameters = cast(
                    "_CoreSingleExecuteParams", effective_parameters
                )
                if self.dialect._has_events:
                    for fn in self.dialect.dispatch.do_execute:
                        if fn(
                            cursor,
                            str_statement,
                            effective_parameters,
                            context,
                        ):
                            evt_handled = True
                            break
                if not evt_handled:
>                   self.dialect.do_execute(
                        cursor, str_statement, effective_parameters, context
                    )

.venv\Lib\site-packages\sqlalchemy\engine\base.py:1967: 
_ _ _ _ _ _ _ _ _ _ _ _ _ _ _ _ _ _ _ _ _ _ _ _ _ _ _ _ _ _ _ _ _ _ _ _ _ _ _ _
.venv\Lib\site-packages\sqlalchemy\engine\default.py:952: in do_execute
    cursor.execute(statement, parameters)
.venv\Lib\site-packages\sqlalchemy\dialects\sqlite\aiosqlite.py:180: in execute
    self._adapt_connection._handle_exception(error)
.venv\Lib\site-packages\sqlalchemy\dialects\sqlite\aiosqlite.py:340: in _handle_exception
    raise error
.venv\Lib\site-packages\sqlalchemy\dialects\sqlite\aiosqlite.py:162: in execute
    self.await_(_cursor.execute(operation, parameters))
.venv\Lib\site-packages\sqlalchemy\util\_concurrency_py3k.py:132: in await_only
    return current.parent.switch(awaitable)  # type: ignore[no-any-return,attr-defined] # noqa: E501
           ^^^^^^^^^^^^^^^^^^^^^^^^^^^^^^^^
.venv\Lib\site-packages\sqlalchemy\util\_concurrency_py3k.py:196: in greenlet_spawn
    value = await result
            ^^^^^^^^^^^^
.venv\Lib\site-packages\aiosqlite\cursor.py:40: in execute
    await self._execute(self._cursor.execute, sql, parameters)
.venv\Lib\site-packages\aiosqlite\cursor.py:32: in _execute
    return await self._conn._execute(fn, *args, **kwargs)
           ^^^^^^^^^^^^^^^^^^^^^^^^^^^^^^^^^^^^^^^^^^^^^^
.venv\Lib\site-packages\aiosqlite\core.py:160: in _execute
    return await future
           ^^^^^^^^^^^^
_ _ _ _ _ _ _ _ _ _ _ _ _ _ _ _ _ _ _ _ _ _ _ _ _ _ _ _ _ _ _ _ _ _ _ _ _ _ _ _

tx = <_queue.SimpleQueue object at 0x00000210D1E1E800>

    def _connection_worker_thread(tx: _TxQueue):
        """
        Execute function calls on a separate thread.
    
        :meta private:
        """
        while True:
            # Continues running until all queue items are processed,
            # even after connection is closed (so we can finalize all
            # futures)
    
            future, function = tx.get()
    
            try:
                LOG.debug("executing %s", function)
>               result = function()
                         ^^^^^^^^^^
E               sqlite3.IntegrityError: UNIQUE constraint failed: workers.email

.venv\Lib\site-packages\aiosqlite\core.py:63: IntegrityError

The above exception was the direct cause of the following exception:

    @pytest.mark.asyncio
    async def test_alerts_prioritize_contracts_and_compliance():
        await init_db()
        async with SessionLocal() as session:
            worker_repo = WorkerRepository(session)
            client_repo = ClientRepository(session)
            contract_repo = ContractRepository(session)
            compliance_repo = ComplianceRepository(session)
    
>           worker = await worker_repo.create(
                WorkerCreate(
                    first_name="Test",
                    last_name="User",
                    email="test@example.com",
                    document_id="ABC123",
                    active=True,
                )
            )

tests\test_alerts.py:28: 
_ _ _ _ _ _ _ _ _ _ _ _ _ _ _ _ _ _ _ _ _ _ _ _ _ _ _ _ _ _ _ _ _ _ _ _ _ _ _ _
app\repositories\base.py:30: in create
    await self.session.commit()
.venv\Lib\site-packages\sqlalchemy\ext\asyncio\session.py:1000: in commit
    await greenlet_spawn(self.sync_session.commit)
.venv\Lib\site-packages\sqlalchemy\util\_concurrency_py3k.py:203: in greenlet_spawn
    result = context.switch(value)
             ^^^^^^^^^^^^^^^^^^^^^
.venv\Lib\site-packages\sqlalchemy\orm\session.py:2030: in commit
    trans.commit(_to_root=True)
<string>:2: in commit
    ???
.venv\Lib\site-packages\sqlalchemy\orm\state_changes.py:137: in _go
    ret_value = fn(self, *arg, **kw)
                ^^^^^^^^^^^^^^^^^^^^
.venv\Lib\site-packages\sqlalchemy\orm\session.py:1311: in commit
    self._prepare_impl()
<string>:2: in _prepare_impl
    ???
.venv\Lib\site-packages\sqlalchemy\orm\state_changes.py:137: in _go
    ret_value = fn(self, *arg, **kw)
                ^^^^^^^^^^^^^^^^^^^^
.venv\Lib\site-packages\sqlalchemy\orm\session.py:1286: in _prepare_impl
    self.session.flush()
.venv\Lib\site-packages\sqlalchemy\orm\session.py:4331: in flush
    self._flush(objects)
.venv\Lib\site-packages\sqlalchemy\orm\session.py:4466: in _flush
    with util.safe_reraise():
         ^^^^^^^^^^^^^^^^^^^
.venv\Lib\site-packages\sqlalchemy\util\langhelpers.py:224: in __exit__
    raise exc_value.with_traceback(exc_tb)
.venv\Lib\site-packages\sqlalchemy\orm\session.py:4427: in _flush
    flush_context.execute()
.venv\Lib\site-packages\sqlalchemy\orm\unitofwork.py:466: in execute
    rec.execute(self)
.venv\Lib\site-packages\sqlalchemy\orm\unitofwork.py:642: in execute
    util.preloaded.orm_persistence.save_obj(
.venv\Lib\site-packages\sqlalchemy\orm\persistence.py:93: in save_obj
    _emit_insert_statements(
.venv\Lib\site-packages\sqlalchemy\orm\persistence.py:1233: in _emit_insert_statements
    result = connection.execute(
.venv\Lib\site-packages\sqlalchemy\engine\base.py:1419: in execute
    return meth(
.venv\Lib\site-packages\sqlalchemy\sql\elements.py:527: in _execute_on_connection
    return connection._execute_clauseelement(
.venv\Lib\site-packages\sqlalchemy\engine\base.py:1641: in _execute_clauseelement
    ret = self._execute_context(
.venv\Lib\site-packages\sqlalchemy\engine\base.py:1846: in _execute_context
    return self._exec_single_context(
.venv\Lib\site-packages\sqlalchemy\engine\base.py:1986: in _exec_single_context
    self._handle_dbapi_exception(
.venv\Lib\site-packages\sqlalchemy\engine\base.py:2363: in _handle_dbapi_exception
    raise sqlalchemy_exception.with_traceback(exc_info[2]) from e
.venv\Lib\site-packages\sqlalchemy\engine\base.py:1967: in _exec_single_context
    self.dialect.do_execute(
.venv\Lib\site-packages\sqlalchemy\engine\default.py:952: in do_execute
    cursor.execute(statement, parameters)
.venv\Lib\site-packages\sqlalchemy\dialects\sqlite\aiosqlite.py:180: in execute
    self._adapt_connection._handle_exception(error)
.venv\Lib\site-packages\sqlalchemy\dialects\sqlite\aiosqlite.py:340: in _handle_exception
    raise error
.venv\Lib\site-packages\sqlalchemy\dialects\sqlite\aiosqlite.py:162: in execute
    self.await_(_cursor.execute(operation, parameters))
.venv\Lib\site-packages\sqlalchemy\util\_concurrency_py3k.py:132: in await_only
    return current.parent.switch(awaitable)  # type: ignore[no-any-return,attr-defined] # noqa: E501
           ^^^^^^^^^^^^^^^^^^^^^^^^^^^^^^^^
.venv\Lib\site-packages\sqlalchemy\util\_concurrency_py3k.py:196: in greenlet_spawn
    value = await result
            ^^^^^^^^^^^^
.venv\Lib\site-packages\aiosqlite\cursor.py:40: in execute
    await self._execute(self._cursor.execute, sql, parameters)
.venv\Lib\site-packages\aiosqlite\cursor.py:32: in _execute
    return await self._conn._execute(fn, *args, **kwargs)
           ^^^^^^^^^^^^^^^^^^^^^^^^^^^^^^^^^^^^^^^^^^^^^^
.venv\Lib\site-packages\aiosqlite\core.py:160: in _execute
    return await future
           ^^^^^^^^^^^^
_ _ _ _ _ _ _ _ _ _ _ _ _ _ _ _ _ _ _ _ _ _ _ _ _ _ _ _ _ _ _ _ _ _ _ _ _ _ _ _

tx = <_queue.SimpleQueue object at 0x00000210D1E1E800>

    def _connection_worker_thread(tx: _TxQueue):
        """
        Execute function calls on a separate thread.
    
        :meta private:
        """
        while True:
            # Continues running until all queue items are processed,
            # even after connection is closed (so we can finalize all
            # futures)
    
            future, function = tx.get()
    
            try:
                LOG.debug("executing %s", function)
>               result = function()
                         ^^^^^^^^^^
E               sqlalchemy.exc.IntegrityError: (sqlite3.IntegrityError) UNIQUE constraint failed: workers.email
E               [SQL: INSERT INTO workers (first_name, last_name, email, phone, document_id, active, date_of_birth, start_date, notes) VALUES (?, ?, ?, ?, ?, ?, ?, ?, ?) RETURNING id, created_at, updated_at]
E               [parameters: ('Test', 'User', 'test@example.com', None, 'ABC123', 1, None, None, None)]
E               (Background on this error at: https://sqlalche.me/e/20/gkpj)

.venv\Lib\site-packages\aiosqlite\core.py:63: IntegrityError
=========================== short test summary info ===========================
FAILED tests/test_alerts.py::test_alerts_prioritize_contracts_and_compliance
============================== 1 failed in 0.87s ==============================
